// Jest Snapshot v1, https://goo.gl/fbAQLP

exports[`PageChild should work with child component 1`] = `
"<section>outside string<header class=\\" \\">header<style>
        header {
          width: 100%;
        }

        .center {
          display: flex;
          justify-content: center;
          align-items: center;
        }
      </style></header><main class=\\"\\">content<style>
        main {
          width: 100%;
          padding: calc(1.1429rem * 2.5) 0;
        }
      </style></main><footer class=\\"\\">Footer<style>
        footer {
          width: 100%;
          position: absolute;
          bottom: 0;
        }
      </style></footer>outside string<style>
        section {
          width: 950px;
          max-width: 100vw;
          min-height: 100vh;
          margin: 0 auto;
          padding: 0 1.1429rem;
          box-sizing: border-box;
          position: relative;
        }
      </style></section>"
`;
