// Jest Snapshot v1, https://goo.gl/fbAQLP

exports[`Input should be work with icon 1`] = `
"<div><div class=\\"with-label\\"><div class=\\"input-container \\"><div class=\\"input-wrapper    \\"><span class=\\"input-icon\\"><span>test-icon</span><style>
        .input-icon {
          box-sizing: content-box;
          display: flex;
          width: calc(1.687 * 16px * .42);
          height: 100%;
          align-items: center;
          vertical-align: center;
          margin: 0;
          padding: 0 calc(1.687 * 16px * .3);
          line-height: 1;
          position: relative;
          cursor: default;
          pointer-events: none;
        }
      </style></span><input type=\\"text\\" class=\\" left-icon\\" placeholder=\\"\\" autocomplete=\\"off\\" value=\\"\\"></div></div><style>
          .with-label {
            display: inline-block;
            width: initial;
            box-sizing: border-box;
            -webkit-box-align: center;
          }

          .input-container {
            display: inline-flex;
            align-items: center;
            width: initial;
            height: calc(1.687 * 16px);
          }

          .input-wrapper {
            display: inline-flex;
            vertical-align: middle;
            align-items: center;
            height: 100%;
            flex: 1;
            user-select: none;
            border-radius: 4px;
            border: 1px solid #ebeced;
            transition: border 0.2s ease 0s, color 0.2s ease 0s;
          }

          .input-wrapper.left-label {
            border-top-left-radius: 0;
            border-bottom-left-radius: 0;
          }

          .input-wrapper.right-label {
            border-top-right-radius: 0;
            border-bottom-right-radius: 0;
          }

          .input-wrapper.disabled {
            border-color: #ebeced;
            cursor: not-allowed;
          }

          input.disabled {
            cursor: not-allowed;
          }

          .input-wrapper.focus {
            border-color: #0054fe;
          }

          .input-wrapper.hover {
            border-color: #0054fe;
          }

          input {
            margin: 1.1429rem 0.6429rem;
            padding: 0;
            box-shadow: none;
            font-size: 1rem;
            line-height: 1.5714rem;
            background-color: transparent;
            font-weight: normal;
            border: none;
            color: #282D30;
            outline: none;
            border-radius: 0;
            width: 100%;
            min-width: 0;
            -webkit-appearance: none;
          }

          input.left-icon {
            margin-left: 0;
          }

          input.right-icon {
            margin-right: 0;
          }

          .input-wrapper.focus input {
            color: #0054fe;
          }

          .input-wrapper.hover input {
            color: #0054fe;
          }

          ::placeholder,
          ::-moz-placeholder,
          :-ms-input-placeholder,
          ::-webkit-input-placeholder {
            color: #aaafbb;
          }

          input:-webkit-autofill,
          input:-webkit-autofill:hover,
          input:-webkit-autofill:active,
          input:-webkit-autofill:focus {
            -webkit-box-shadow: 0 0 0 30px #fff inset !important;
            -webkit-text-fill-color: #282D30 !important;
          }
        </style></div><div class=\\"with-label\\"><div class=\\"input-container \\"><div class=\\"input-wrapper    \\"><input type=\\"text\\" class=\\" right-icon\\" placeholder=\\"\\" autocomplete=\\"off\\" value=\\"\\"><span class=\\"input-icon\\"><span>test-icon</span><style>
        .input-icon {
          box-sizing: content-box;
          display: flex;
          width: calc(1.687 * 16px * .42);
          height: 100%;
          align-items: center;
          vertical-align: center;
          margin: 0;
          padding: 0 calc(1.687 * 16px * .3);
          line-height: 1;
          position: relative;
          cursor: default;
          pointer-events: none;
        }
      </style></span></div></div><style>
          .with-label {
            display: inline-block;
            width: initial;
            box-sizing: border-box;
            -webkit-box-align: center;
          }

          .input-container {
            display: inline-flex;
            align-items: center;
            width: initial;
            height: calc(1.687 * 16px);
          }

          .input-wrapper {
            display: inline-flex;
            vertical-align: middle;
            align-items: center;
            height: 100%;
            flex: 1;
            user-select: none;
            border-radius: 4px;
            border: 1px solid #ebeced;
            transition: border 0.2s ease 0s, color 0.2s ease 0s;
          }

          .input-wrapper.left-label {
            border-top-left-radius: 0;
            border-bottom-left-radius: 0;
          }

          .input-wrapper.right-label {
            border-top-right-radius: 0;
            border-bottom-right-radius: 0;
          }

          .input-wrapper.disabled {
            border-color: #ebeced;
            cursor: not-allowed;
          }

          input.disabled {
            cursor: not-allowed;
          }

          .input-wrapper.focus {
            border-color: #0054fe;
          }

          .input-wrapper.hover {
            border-color: #0054fe;
          }

          input {
            margin: 1.1429rem 0.6429rem;
            padding: 0;
            box-shadow: none;
            font-size: 1rem;
            line-height: 1.5714rem;
            background-color: transparent;
            font-weight: normal;
            border: none;
            color: #282D30;
            outline: none;
            border-radius: 0;
            width: 100%;
            min-width: 0;
            -webkit-appearance: none;
          }

          input.left-icon {
            margin-left: 0;
          }

          input.right-icon {
            margin-right: 0;
          }

          .input-wrapper.focus input {
            color: #0054fe;
          }

          .input-wrapper.hover input {
            color: #0054fe;
          }

          ::placeholder,
          ::-moz-placeholder,
          :-ms-input-placeholder,
          ::-webkit-input-placeholder {
            color: #aaafbb;
          }

          input:-webkit-autofill,
          input:-webkit-autofill:hover,
          input:-webkit-autofill:active,
          input:-webkit-autofill:focus {
            -webkit-box-shadow: 0 0 0 30px #fff inset !important;
            -webkit-text-fill-color: #282D30 !important;
          }
        </style></div></div>"
`;

exports[`Input should be work with label 1`] = `
"<div><div class=\\"with-label\\"><div class=\\"input-container \\"><span class=\\"\\">label<style>
        span {
          display: inline-flex;
          width: initial;
          height: 100%;
          align-items: center;
          pointer-events: none;
          margin: 0;
          padding: 0 8px;
          color: #888;
          background-color: #fafafa;
          border-top-left-radius: 4px;
          border-bottom-left-radius: 4px;
          border-top: 1px solid #eaeaea;
          border-left: 1px solid #eaeaea;
          border-bottom: 1px solid #eaeaea;
          font-size: 1rem;
          line-height: 1.5714rem;
        }

        span.right {
          border-top-left-radius: 0;
          border-bottom-left-radius: 0;
          border-top-right-radius: 4px;
          border-bottom-right-radius: 4px;
          border-left: 0;
          border-right: 1px solid #eaeaea;
        }
      </style></span><div class=\\"input-wrapper    left-label\\"><input type=\\"text\\" class=\\" \\" placeholder=\\"\\" autocomplete=\\"off\\" value=\\"\\"></div></div><style>
          .with-label {
            display: inline-block;
            width: initial;
            box-sizing: border-box;
            -webkit-box-align: center;
          }

          .input-container {
            display: inline-flex;
            align-items: center;
            width: initial;
            height: calc(1.687 * 16px);
          }

          .input-wrapper {
            display: inline-flex;
            vertical-align: middle;
            align-items: center;
            height: 100%;
            flex: 1;
            user-select: none;
            border-radius: 4px;
            border: 1px solid #ebeced;
            transition: border 0.2s ease 0s, color 0.2s ease 0s;
          }

          .input-wrapper.left-label {
            border-top-left-radius: 0;
            border-bottom-left-radius: 0;
          }

          .input-wrapper.right-label {
            border-top-right-radius: 0;
            border-bottom-right-radius: 0;
          }

          .input-wrapper.disabled {
            border-color: #ebeced;
            cursor: not-allowed;
          }

          input.disabled {
            cursor: not-allowed;
          }

          .input-wrapper.focus {
            border-color: #0054fe;
          }

          .input-wrapper.hover {
            border-color: #0054fe;
          }

          input {
            margin: 1.1429rem 0.6429rem;
            padding: 0;
            box-shadow: none;
            font-size: 1rem;
            line-height: 1.5714rem;
            background-color: transparent;
            font-weight: normal;
            border: none;
            color: #282D30;
            outline: none;
            border-radius: 0;
            width: 100%;
            min-width: 0;
            -webkit-appearance: none;
          }

          input.left-icon {
            margin-left: 0;
          }

          input.right-icon {
            margin-right: 0;
          }

          .input-wrapper.focus input {
            color: #0054fe;
          }

          .input-wrapper.hover input {
            color: #0054fe;
          }

          ::placeholder,
          ::-moz-placeholder,
          :-ms-input-placeholder,
          ::-webkit-input-placeholder {
            color: #aaafbb;
          }

          input:-webkit-autofill,
          input:-webkit-autofill:hover,
          input:-webkit-autofill:active,
          input:-webkit-autofill:focus {
            -webkit-box-shadow: 0 0 0 30px #fff inset !important;
            -webkit-text-fill-color: #282D30 !important;
          }
        </style></div><div class=\\"with-label\\"><div class=\\"input-container \\"><div class=\\"input-wrapper    right-label\\"><input type=\\"text\\" class=\\" \\" placeholder=\\"\\" autocomplete=\\"off\\" value=\\"\\"></div><span class=\\"right\\">label<style>
        span {
          display: inline-flex;
          width: initial;
          height: 100%;
          align-items: center;
          pointer-events: none;
          margin: 0;
          padding: 0 8px;
          color: #888;
          background-color: #fafafa;
          border-top-left-radius: 4px;
          border-bottom-left-radius: 4px;
          border-top: 1px solid #eaeaea;
          border-left: 1px solid #eaeaea;
          border-bottom: 1px solid #eaeaea;
          font-size: 1rem;
          line-height: 1.5714rem;
        }

        span.right {
          border-top-left-radius: 0;
          border-bottom-left-radius: 0;
          border-top-right-radius: 4px;
          border-bottom-right-radius: 4px;
          border-left: 0;
          border-right: 1px solid #eaeaea;
        }
      </style></span></div><style>
          .with-label {
            display: inline-block;
            width: initial;
            box-sizing: border-box;
            -webkit-box-align: center;
          }

          .input-container {
            display: inline-flex;
            align-items: center;
            width: initial;
            height: calc(1.687 * 16px);
          }

          .input-wrapper {
            display: inline-flex;
            vertical-align: middle;
            align-items: center;
            height: 100%;
            flex: 1;
            user-select: none;
            border-radius: 4px;
            border: 1px solid #ebeced;
            transition: border 0.2s ease 0s, color 0.2s ease 0s;
          }

          .input-wrapper.left-label {
            border-top-left-radius: 0;
            border-bottom-left-radius: 0;
          }

          .input-wrapper.right-label {
            border-top-right-radius: 0;
            border-bottom-right-radius: 0;
          }

          .input-wrapper.disabled {
            border-color: #ebeced;
            cursor: not-allowed;
          }

          input.disabled {
            cursor: not-allowed;
          }

          .input-wrapper.focus {
            border-color: #0054fe;
          }

          .input-wrapper.hover {
            border-color: #0054fe;
          }

          input {
            margin: 1.1429rem 0.6429rem;
            padding: 0;
            box-shadow: none;
            font-size: 1rem;
            line-height: 1.5714rem;
            background-color: transparent;
            font-weight: normal;
            border: none;
            color: #282D30;
            outline: none;
            border-radius: 0;
            width: 100%;
            min-width: 0;
            -webkit-appearance: none;
          }

          input.left-icon {
            margin-left: 0;
          }

          input.right-icon {
            margin-right: 0;
          }

          .input-wrapper.focus input {
            color: #0054fe;
          }

          .input-wrapper.hover input {
            color: #0054fe;
          }

          ::placeholder,
          ::-moz-placeholder,
          :-ms-input-placeholder,
          ::-webkit-input-placeholder {
            color: #aaafbb;
          }

          input:-webkit-autofill,
          input:-webkit-autofill:hover,
          input:-webkit-autofill:active,
          input:-webkit-autofill:focus {
            -webkit-box-shadow: 0 0 0 30px #fff inset !important;
            -webkit-text-fill-color: #282D30 !important;
          }
        </style></div><div class=\\"with-label\\"><label><span>Block Label</span><style>
        label {
          display: block;
          font-weight: normal;
          color: #444;
          padding: 0 0 0 1px;
          margin-bottom: 8px;
          font-size: 1rem;
          line-height: 1.5;
        }

        label > :global(*:first-child) {
          margin-top: 0;
        }

        label > :global(*:last-child) {
          margin-bottom: 0;
        }
      </style></label><div class=\\"input-container \\"><div class=\\"input-wrapper    \\"><input type=\\"text\\" class=\\" \\" placeholder=\\"\\" autocomplete=\\"off\\" value=\\"\\"></div></div><style>
          .with-label {
            display: inline-block;
            width: initial;
            box-sizing: border-box;
            -webkit-box-align: center;
          }

          .input-container {
            display: inline-flex;
            align-items: center;
            width: initial;
            height: calc(1.687 * 16px);
          }

          .input-wrapper {
            display: inline-flex;
            vertical-align: middle;
            align-items: center;
            height: 100%;
            flex: 1;
            user-select: none;
            border-radius: 4px;
            border: 1px solid #ebeced;
            transition: border 0.2s ease 0s, color 0.2s ease 0s;
          }

          .input-wrapper.left-label {
            border-top-left-radius: 0;
            border-bottom-left-radius: 0;
          }

          .input-wrapper.right-label {
            border-top-right-radius: 0;
            border-bottom-right-radius: 0;
          }

          .input-wrapper.disabled {
            border-color: #ebeced;
            cursor: not-allowed;
          }

          input.disabled {
            cursor: not-allowed;
          }

          .input-wrapper.focus {
            border-color: #0054fe;
          }

          .input-wrapper.hover {
            border-color: #0054fe;
          }

          input {
            margin: 1.1429rem 0.6429rem;
            padding: 0;
            box-shadow: none;
            font-size: 1rem;
            line-height: 1.5714rem;
            background-color: transparent;
            font-weight: normal;
            border: none;
            color: #282D30;
            outline: none;
            border-radius: 0;
            width: 100%;
            min-width: 0;
            -webkit-appearance: none;
          }

          input.left-icon {
            margin-left: 0;
          }

          input.right-icon {
            margin-right: 0;
          }

          .input-wrapper.focus input {
            color: #0054fe;
          }

          .input-wrapper.hover input {
            color: #0054fe;
          }

          ::placeholder,
          ::-moz-placeholder,
          :-ms-input-placeholder,
          ::-webkit-input-placeholder {
            color: #aaafbb;
          }

          input:-webkit-autofill,
          input:-webkit-autofill:hover,
          input:-webkit-autofill:active,
          input:-webkit-autofill:focus {
            -webkit-box-shadow: 0 0 0 30px #fff inset !important;
            -webkit-text-fill-color: #282D30 !important;
          }
        </style></div></div>"
`;

exports[`Input should work with different sizes 1`] = `
"<div><div class=\\"with-label\\"><div class=\\"input-container \\"><div class=\\"input-wrapper    \\"><input type=\\"text\\" class=\\" \\" placeholder=\\"\\" autocomplete=\\"off\\" value=\\"\\"></div></div><style>
          .with-label {
            display: inline-block;
            width: initial;
            box-sizing: border-box;
            -webkit-box-align: center;
          }

          .input-container {
            display: inline-flex;
            align-items: center;
            width: initial;
            height: calc(1.313 * 16px);
          }

          .input-wrapper {
            display: inline-flex;
            vertical-align: middle;
            align-items: center;
            height: 100%;
            flex: 1;
            user-select: none;
            border-radius: 4px;
            border: 1px solid #ebeced;
            transition: border 0.2s ease 0s, color 0.2s ease 0s;
          }

          .input-wrapper.left-label {
            border-top-left-radius: 0;
            border-bottom-left-radius: 0;
          }

          .input-wrapper.right-label {
            border-top-right-radius: 0;
            border-bottom-right-radius: 0;
          }

          .input-wrapper.disabled {
            border-color: #ebeced;
            cursor: not-allowed;
          }

          input.disabled {
            cursor: not-allowed;
          }

          .input-wrapper.focus {
            border-color: #0054fe;
          }

          .input-wrapper.hover {
            border-color: #0054fe;
          }

          input {
            margin: 1.1429rem 0.4286rem;
            padding: 0;
            box-shadow: none;
            font-size: 0.7143rem;
            line-height: 1.1429rem;
            background-color: transparent;
            font-weight: normal;
            border: none;
            color: #282D30;
            outline: none;
            border-radius: 0;
            width: 100%;
            min-width: 0;
            -webkit-appearance: none;
          }

          input.left-icon {
            margin-left: 0;
          }

          input.right-icon {
            margin-right: 0;
          }

          .input-wrapper.focus input {
            color: #0054fe;
          }

          .input-wrapper.hover input {
            color: #0054fe;
          }

          ::placeholder,
          ::-moz-placeholder,
          :-ms-input-placeholder,
          ::-webkit-input-placeholder {
            color: #aaafbb;
          }

          input:-webkit-autofill,
          input:-webkit-autofill:hover,
          input:-webkit-autofill:active,
          input:-webkit-autofill:focus {
            -webkit-box-shadow: 0 0 0 30px #fff inset !important;
            -webkit-text-fill-color: #282D30 !important;
          }
        </style></div><div class=\\"with-label\\"><div class=\\"input-container \\"><div class=\\"input-wrapper    \\"><input type=\\"text\\" class=\\" \\" placeholder=\\"\\" autocomplete=\\"off\\" value=\\"\\"></div></div><style>
          .with-label {
            display: inline-block;
            width: initial;
            box-sizing: border-box;
            -webkit-box-align: center;
          }

          .input-container {
            display: inline-flex;
            align-items: center;
            width: initial;
            height: calc(1.5 * 16px);
          }

          .input-wrapper {
            display: inline-flex;
            vertical-align: middle;
            align-items: center;
            height: 100%;
            flex: 1;
            user-select: none;
            border-radius: 4px;
            border: 1px solid #ebeced;
            transition: border 0.2s ease 0s, color 0.2s ease 0s;
          }

          .input-wrapper.left-label {
            border-top-left-radius: 0;
            border-bottom-left-radius: 0;
          }

          .input-wrapper.right-label {
            border-top-right-radius: 0;
            border-bottom-right-radius: 0;
          }

          .input-wrapper.disabled {
            border-color: #ebeced;
            cursor: not-allowed;
          }

          input.disabled {
            cursor: not-allowed;
          }

          .input-wrapper.focus {
            border-color: #0054fe;
          }

          .input-wrapper.hover {
            border-color: #0054fe;
          }

          input {
            margin: 1.1429rem 0.5rem;
            padding: 0;
            box-shadow: none;
            font-size: 0.8571rem;
            line-height: 1.2857rem;
            background-color: transparent;
            font-weight: normal;
            border: none;
            color: #282D30;
            outline: none;
            border-radius: 0;
            width: 100%;
            min-width: 0;
            -webkit-appearance: none;
          }

          input.left-icon {
            margin-left: 0;
          }

          input.right-icon {
            margin-right: 0;
          }

          .input-wrapper.focus input {
            color: #0054fe;
          }

          .input-wrapper.hover input {
            color: #0054fe;
          }

          ::placeholder,
          ::-moz-placeholder,
          :-ms-input-placeholder,
          ::-webkit-input-placeholder {
            color: #aaafbb;
          }

          input:-webkit-autofill,
          input:-webkit-autofill:hover,
          input:-webkit-autofill:active,
          input:-webkit-autofill:focus {
            -webkit-box-shadow: 0 0 0 30px #fff inset !important;
            -webkit-text-fill-color: #282D30 !important;
          }
        </style></div><div class=\\"with-label\\"><div class=\\"input-container \\"><div class=\\"input-wrapper    \\"><input type=\\"text\\" class=\\" \\" placeholder=\\"\\" autocomplete=\\"off\\" value=\\"\\"></div></div><style>
          .with-label {
            display: inline-block;
            width: initial;
            box-sizing: border-box;
            -webkit-box-align: center;
          }

          .input-container {
            display: inline-flex;
            align-items: center;
            width: initial;
            height: calc(1.875 * 16px);
          }

          .input-wrapper {
            display: inline-flex;
            vertical-align: middle;
            align-items: center;
            height: 100%;
            flex: 1;
            user-select: none;
            border-radius: 4px;
            border: 1px solid #ebeced;
            transition: border 0.2s ease 0s, color 0.2s ease 0s;
          }

          .input-wrapper.left-label {
            border-top-left-radius: 0;
            border-bottom-left-radius: 0;
          }

          .input-wrapper.right-label {
            border-top-right-radius: 0;
            border-bottom-right-radius: 0;
          }

          .input-wrapper.disabled {
            border-color: #ebeced;
            cursor: not-allowed;
          }

          input.disabled {
            cursor: not-allowed;
          }

          .input-wrapper.focus {
            border-color: #0054fe;
          }

          .input-wrapper.hover {
            border-color: #0054fe;
          }

          input {
            margin: 1.1429rem 0.6429rem;
            padding: 0;
            box-shadow: none;
            font-size: 1.1429rem;
            line-height: 2.1429rem;
            background-color: transparent;
            font-weight: normal;
            border: none;
            color: #282D30;
            outline: none;
            border-radius: 0;
            width: 100%;
            min-width: 0;
            -webkit-appearance: none;
          }

          input.left-icon {
            margin-left: 0;
          }

          input.right-icon {
            margin-right: 0;
          }

          .input-wrapper.focus input {
            color: #0054fe;
          }

          .input-wrapper.hover input {
            color: #0054fe;
          }

          ::placeholder,
          ::-moz-placeholder,
          :-ms-input-placeholder,
          ::-webkit-input-placeholder {
            color: #aaafbb;
          }

          input:-webkit-autofill,
          input:-webkit-autofill:hover,
          input:-webkit-autofill:active,
          input:-webkit-autofill:focus {
            -webkit-box-shadow: 0 0 0 30px #fff inset !important;
            -webkit-text-fill-color: #282D30 !important;
          }
        </style></div><div class=\\"with-label\\"><div class=\\"input-container \\"><div class=\\"input-wrapper    \\"><input type=\\"text\\" class=\\" \\" placeholder=\\"\\" autocomplete=\\"off\\" value=\\"\\"></div></div><style>
          .with-label {
            display: inline-block;
            width: 50%;
            box-sizing: border-box;
            -webkit-box-align: center;
          }

          .input-container {
            display: inline-flex;
            align-items: center;
            width: 50%;
            height: calc(1.687 * 16px);
          }

          .input-wrapper {
            display: inline-flex;
            vertical-align: middle;
            align-items: center;
            height: 100%;
            flex: 1;
            user-select: none;
            border-radius: 4px;
            border: 1px solid #ebeced;
            transition: border 0.2s ease 0s, color 0.2s ease 0s;
          }

          .input-wrapper.left-label {
            border-top-left-radius: 0;
            border-bottom-left-radius: 0;
          }

          .input-wrapper.right-label {
            border-top-right-radius: 0;
            border-bottom-right-radius: 0;
          }

          .input-wrapper.disabled {
            border-color: #ebeced;
            cursor: not-allowed;
          }

          input.disabled {
            cursor: not-allowed;
          }

          .input-wrapper.focus {
            border-color: #0054fe;
          }

          .input-wrapper.hover {
            border-color: #0054fe;
          }

          input {
            margin: 1.1429rem 0.6429rem;
            padding: 0;
            box-shadow: none;
            font-size: 1rem;
            line-height: 1.5714rem;
            background-color: transparent;
            font-weight: normal;
            border: none;
            color: #282D30;
            outline: none;
            border-radius: 0;
            width: 100%;
            min-width: 0;
            -webkit-appearance: none;
          }

          input.left-icon {
            margin-left: 0;
          }

          input.right-icon {
            margin-right: 0;
          }

          .input-wrapper.focus input {
            color: #0054fe;
          }

          .input-wrapper.hover input {
            color: #0054fe;
          }

          ::placeholder,
          ::-moz-placeholder,
          :-ms-input-placeholder,
          ::-webkit-input-placeholder {
            color: #aaafbb;
          }

          input:-webkit-autofill,
          input:-webkit-autofill:hover,
          input:-webkit-autofill:active,
          input:-webkit-autofill:focus {
            -webkit-box-shadow: 0 0 0 30px #fff inset !important;
            -webkit-text-fill-color: #282D30 !important;
          }
        </style></div></div>"
`;

exports[`Input should work with different status 1`] = `
"<div><div class=\\"with-label\\"><div class=\\"input-container \\"><div class=\\"input-wrapper    \\"><input type=\\"text\\" class=\\" \\" placeholder=\\"\\" autocomplete=\\"off\\" value=\\"\\"></div></div><style>
          .with-label {
            display: inline-block;
            width: initial;
            box-sizing: border-box;
            -webkit-box-align: center;
          }

          .input-container {
            display: inline-flex;
            align-items: center;
            width: initial;
            height: calc(1.687 * 16px);
          }

          .input-wrapper {
            display: inline-flex;
            vertical-align: middle;
            align-items: center;
            height: 100%;
            flex: 1;
            user-select: none;
            border-radius: 4px;
            border: 1px solid #8afb88;
            transition: border 0.2s ease 0s, color 0.2s ease 0s;
          }

          .input-wrapper.left-label {
            border-top-left-radius: 0;
            border-bottom-left-radius: 0;
          }

          .input-wrapper.right-label {
            border-top-right-radius: 0;
            border-bottom-right-radius: 0;
          }

          .input-wrapper.disabled {
            background-color: #fafafa;
            border-color: #eaeaea;
            cursor: not-allowed;
          }

          input.disabled {
            cursor: not-allowed;
          }

          .input-wrapper.hover {
            border-color: #58f17a;
          }

          input {
            margin: 4px 10px;
            padding: 0;
            box-shadow: none;
            font-size: .875rem;
            background-color: transparent;
            border: none;
            color: #000;
            outline: none;
            border-radius: 0;
            width: 100%;
            min-width: 0;
            -webkit-appearance: none;
          }

          input.left-icon {
            margin-left: 0;
          }

          input.right-icon {
            margin-right: 0;
          }

          ::placeholder,
          ::-moz-placeholder,
          :-ms-input-placeholder,
          ::-webkit-input-placeholder {
            color: #999;
          }

          input:-webkit-autofill,
          input:-webkit-autofill:hover,
          input:-webkit-autofill:active,
          input:-webkit-autofill:focus {
            -webkit-box-shadow: 0 0 0 30px #fff inset !important;
            -webkit-text-fill-color: #000 !important;
          }
        </style></div><div class=\\"with-label\\"><div class=\\"input-container \\"><div class=\\"input-wrapper   \\"><input type=\\"text\\" class=\\" \\" placeholder=\\"\\" autocomplete=\\"off\\" value=\\"\\"></div></div><style>
          .with-label {
            display: inline-block;
            width: initial;
            box-sizing: border-box;
            -webkit-box-align: center;
          }

          .input-container {
            display: inline-flex;
            align-items: center;
            width: initial;
            height: calc(1.687 * 16px);
          }

          .input-wrapper {
            display: inline-flex;
            vertical-align: middle;
            align-items: center;
            height: 100%;
            flex: 1;
            user-select: none;
            border-radius: 4px;
            border: 1px solid #666;
            transition: border 0.2s ease 0s, color 0.2s ease 0s;
          }

          .input-wrapper.left-label {
            border-top-left-radius: 0;
            border-bottom-left-radius: 0;
          }

          .input-wrapper.right-label {
            border-top-right-radius: 0;
            border-bottom-right-radius: 0;
          }

          .input-wrapper.disabled {
            border-color: #ebeced;
            cursor: not-allowed;
          }

          input.disabled {
            cursor: not-allowed;
          }

          .input-wrapper.focus {
            border-color: #666;
          }

          .input-wrapper.hover {
            border-color: #666;
          }

          input {
            margin: 1.1429rem 0.6429rem;
            padding: 0;
            box-shadow: none;
            font-size: 1rem;
            line-height: 1.5714rem;
            background-color: transparent;
            font-weight: normal;
            border: none;
            color: #000;
            outline: none;
            border-radius: 0;
            width: 100%;
            min-width: 0;
            -webkit-appearance: none;
          }

          input.left-icon {
            margin-left: 0;
          }

          input.right-icon {
            margin-right: 0;
          }

          .input-wrapper.focus input {
            color: undefined;
          }

          .input-wrapper.hover input {
            color: undefined;
          }

          ::placeholder,
          ::-moz-placeholder,
          :-ms-input-placeholder,
          ::-webkit-input-placeholder {
            color: #aaafbb;
          }

          input:-webkit-autofill,
          input:-webkit-autofill:hover,
          input:-webkit-autofill:active,
          input:-webkit-autofill:focus {
            -webkit-box-shadow: 0 0 0 30px #fff inset !important;
            -webkit-text-fill-color: #000 !important;
          }
        </style></div><div class=\\"with-label\\"><div class=\\"input-container \\"><div class=\\"input-wrapper    \\"><input type=\\"text\\" class=\\" \\" placeholder=\\"\\" autocomplete=\\"off\\" value=\\"\\"></div></div><style>
          .with-label {
            display: inline-block;
            width: initial;
            box-sizing: border-box;
            -webkit-box-align: center;
          }

          .input-container {
            display: inline-flex;
            align-items: center;
            width: initial;
            height: calc(1.687 * 16px);
          }

          .input-wrapper {
            display: inline-flex;
            vertical-align: middle;
            align-items: center;
            height: 100%;
            flex: 1;
            user-select: none;
            border-radius: 4px;
            border: 1px solid #8afb88;
            transition: border 0.2s ease 0s, color 0.2s ease 0s;
          }

          .input-wrapper.left-label {
            border-top-left-radius: 0;
            border-bottom-left-radius: 0;
          }

          .input-wrapper.right-label {
            border-top-right-radius: 0;
            border-bottom-right-radius: 0;
          }

          .input-wrapper.disabled {
            border-color: #ebeced;
            cursor: not-allowed;
          }

          input.disabled {
            cursor: not-allowed;
          }

          .input-wrapper.focus {
            border-color: #58f17a;
          }

          .input-wrapper.hover {
            border-color: #58f17a;
          }

          input {
            margin: 1.1429rem 0.6429rem;
            padding: 0;
            box-shadow: none;
            font-size: 1rem;
            line-height: 1.5714rem;
            background-color: transparent;
            font-weight: normal;
            border: none;
            color: #000;
            outline: none;
            border-radius: 0;
            width: 100%;
            min-width: 0;
            -webkit-appearance: none;
          }

          input.left-icon {
            margin-left: 0;
          }

          input.right-icon {
            margin-right: 0;
          }

          .input-wrapper.focus input {
            color: undefined;
          }

          .input-wrapper.hover input {
            color: undefined;
          }

          ::placeholder,
          ::-moz-placeholder,
          :-ms-input-placeholder,
          ::-webkit-input-placeholder {
            color: #aaafbb;
          }

          input:-webkit-autofill,
          input:-webkit-autofill:hover,
          input:-webkit-autofill:active,
          input:-webkit-autofill:focus {
            -webkit-box-shadow: 0 0 0 30px #fff inset !important;
            -webkit-text-fill-color: #000 !important;
          }
        </style></div><div class=\\"with-label\\"><div class=\\"input-container \\"><div class=\\"input-wrapper    \\"><input type=\\"text\\" class=\\" \\" placeholder=\\"\\" autocomplete=\\"off\\" value=\\"\\"></div></div><style>
          .with-label {
            display: inline-block;
            width: initial;
            box-sizing: border-box;
            -webkit-box-align: center;
          }

          .input-container {
            display: inline-flex;
            align-items: center;
            width: initial;
            height: calc(1.687 * 16px);
          }

          .input-wrapper {
            display: inline-flex;
            vertical-align: middle;
            align-items: center;
            height: 100%;
            flex: 1;
            user-select: none;
            border-radius: 4px;
            border: 1px solid #ffde40;
            transition: border 0.2s ease 0s, color 0.2s ease 0s;
          }

          .input-wrapper.left-label {
            border-top-left-radius: 0;
            border-bottom-left-radius: 0;
          }

          .input-wrapper.right-label {
            border-top-right-radius: 0;
            border-bottom-right-radius: 0;
          }

          .input-wrapper.disabled {
            border-color: #ebeced;
            cursor: not-allowed;
          }

          input.disabled {
            cursor: not-allowed;
          }

          .input-wrapper.focus {
            border-color: #ffc438;
          }

          .input-wrapper.hover {
            border-color: #ffc438;
          }

          input {
            margin: 1.1429rem 0.6429rem;
            padding: 0;
            box-shadow: none;
            font-size: 1rem;
            line-height: 1.5714rem;
            background-color: transparent;
            font-weight: normal;
            border: none;
            color: #000;
            outline: none;
            border-radius: 0;
            width: 100%;
            min-width: 0;
            -webkit-appearance: none;
          }

          input.left-icon {
            margin-left: 0;
          }

          input.right-icon {
            margin-right: 0;
          }

          .input-wrapper.focus input {
            color: undefined;
          }

          .input-wrapper.hover input {
            color: undefined;
          }

          ::placeholder,
          ::-moz-placeholder,
          :-ms-input-placeholder,
          ::-webkit-input-placeholder {
            color: #aaafbb;
          }

          input:-webkit-autofill,
          input:-webkit-autofill:hover,
          input:-webkit-autofill:active,
          input:-webkit-autofill:focus {
            -webkit-box-shadow: 0 0 0 30px #fff inset !important;
            -webkit-text-fill-color: #000 !important;
          }
        </style></div></div>"
`;
