// Jest Snapshot v1, https://goo.gl/fbAQLP

exports[`InputPassword should render correctly 1`] = `
"<div class=\\"with-label\\"><div class=\\"input-container \\"><div class=\\"input-wrapper lined    \\"><input type=\\"password\\" class=\\"right-icon\\" placeholder=\\"\\" autocomplete=\\"off\\" value=\\"\\"><span class=\\"input-icon\\"><svg viewBox=\\"0 0 24 24\\" width=\\"16\\" height=\\"16\\" stroke=\\"currentColor\\" stroke-width=\\"1.5\\" stroke-linecap=\\"round\\" stroke-linejoin=\\"round\\" fill=\\"none\\" shape-rendering=\\"geometricPrecision\\" style=\\"color: currentColor;\\"><path d=\\"M1 12s4-8 11-8 11 8 11 8-4 8-11 8-11-8-11-8z\\"></path><circle cx=\\"12\\" cy=\\"12\\" r=\\"3\\"></circle></svg><style>
        .input-icon {
          box-sizing: content-box;
          display: flex;
          width: calc(1.687 * 16px * .42);
          height: 100%;
          align-items: center;
          vertical-align: middle;
          margin: 0;
          padding: 0 calc(1.687 * 16px * .3);
          line-height: 1;
          position: relative;
          cursor: pointer;
          pointer-events: auto;
        }
      </style></span></div></div><style>
          .with-label {
            display: inline-block;
            width: initial;
            box-sizing: border-box;
            -webkit-box-align: center;
          }

          .input-container {
            display: inline-flex;
            align-items: center;
            width: initial;
            height: calc(1.687 * 16px);
          }

          .input-wrapper {
            display: inline-flex;
            vertical-align: middle;
            align-items: center;
            height: 100%;
            flex: 1;
            user-select: none;
            border-radius: 4px;
            transition: border 0.2s ease 0s, color 0.2s ease 0s;
            background-color: transparent;
            border: 1px solid #ebeced;
          }

          .input-wrapper.left-label {
            border-top-left-radius: 0;
            border-bottom-left-radius: 0;
          }

          .input-wrapper.right-label {
            border-top-right-radius: 0;
            border-bottom-right-radius: 0;
          }

          .input-wrapper.disabled {
            cursor: not-allowed;
          }

          .lined.input-wrapper.disabled {
            border-color: #ebeced;
          }

          .solid.input-wrapper.disabled {
            background-color: #dbdde0;
          }

          .focus.input-wrapper:not(.disabled),
          .hover.input-wrapper:not(.disabled) {
            border-color: #0054fe;
            background-color: inherit;
          }

          input {
            margin: 0 1.1429rem;
            padding: 0;
            box-shadow: none;
            font-size: 1rem;
            line-height: calc(1.875 * 16pt - 2px);
            background-color: transparent;
            font-weight: normal;
            border: none;
            color: #282D30;
            outline: none;
            border-radius: 0;
            width: 100%;
            min-width: 0;
            -webkit-appearance: none;
          }

          input:disabled {
            cursor: not-allowed;
            color: #aaafbb;
          }

          input.left-icon {
            margin-left: 0;
          }

          input.right-icon {
            margin-right: 0;
          }

          .input-wrapper.focus:not(.disabled) input,
          .input-wrapper.hover:not(.disabled) input {
            color: #0054fe;
          }

          ::placeholder,
          ::-moz-placeholder,
          :-ms-input-placeholder,
          ::-webkit-input-placeholder {
            color: #9b9eac;
          }

          input::-moz-placeholder {
            line-height: calc(1.875 * 16pt - 1px);
          }

          input:-webkit-autofill,
          input:-webkit-autofill:active {
            -webkit-box-shadow: 0 0 0 30px transparent inset !important;
            -webkit-text-fill-color: #282D30 !important;
          }

          input:-webkit-autofill:hover,
          input:-webkit-autofill:focus {
            -webkit-box-shadow: 0 0 0 30px inherit inset !important;
            -webkit-text-fill-color: #0054fe !important;
          }

          input:-webkit-autofill,
          input:-webkit-autofill:hover,
          input:-webkit-autofill:focus,
          input:-webkit-autofill:active {
            -webkit-background-clip: text;
          }
        </style></div>"
`;
