// Jest Snapshot v1, https://goo.gl/fbAQLP

exports[`Loading should render correctly 1`] = `
"<div class=\\"loading-container\\"><span class=\\"loading\\"><svg class=\\"svg\\" width=\\"20px\\" height=\\"20px\\" viewBox=\\"0 0 16 16\\" fill=\\"none\\"><path fill-rule=\\"evenodd\\" clip-rule=\\"evenodd\\" d=\\"M8 2C4.68629 2 2 4.68629 2 8C2 11.3137 4.68629 14 8 14V16C3.58172 16 0 12.4183 0 8C0 3.58172 3.58172 0 8 0C12.4183 0 16 3.58172 16 8H14C14 4.68629 11.3137 2 8 2Z\\" fill=\\"#dbdde0\\"></path><path d=\\"M15 12.5C15 13.3284 14.3284 14 13.5 14C12.6716 14 12 13.3284 12 12.5C12 11.6716 12.6716 11 13.5 11C14.3284 11 15 11.6716 15 12.5Z\\" fill=\\"#dbdde0\\"></path></svg></span><style>
        .loading-container {
          display: inline-flex;
          align-items: center;
          position: relative;
          width: 100%;
          height: 100%;
        }
        .loading {
          position: absolute;
          top: 0;
          left: 0;
          right: 0;
          bottom: 0;
          width: 100%;
          height: 100%;
          display: flex;
          justify-content: center;
          align-items: center;
          background-color: transparent;
          user-select: none;
        }

        label {
          margin-right: 8px;
          color: #dbdde0;
        }

        label :global(*) {
          margin: 0;
        }

        .svg {
          animation: loading-rotate 1.4s infinite;
        }

        @keyframes loading-rotate {
          0% {
            transform: rotate(0);
          }

          100% {
            transform: rotate(360deg);
          }
        }
      </style></div>"
`;

exports[`Loading should work with custom styles 1`] = `
"<div><div class=\\"loading-container\\"><span class=\\"loading\\"><svg class=\\"svg\\" width=\\"20px\\" height=\\"20px\\" viewBox=\\"0 0 16 16\\" fill=\\"none\\"><path fill-rule=\\"evenodd\\" clip-rule=\\"evenodd\\" d=\\"M8 2C4.68629 2 2 4.68629 2 8C2 11.3137 4.68629 14 8 14V16C3.58172 16 0 12.4183 0 8C0 3.58172 3.58172 0 8 0C12.4183 0 16 3.58172 16 8H14C14 4.68629 11.3137 2 8 2Z\\" fill=\\"#ffffff\\"></path><path d=\\"M15 12.5C15 13.3284 14.3284 14 13.5 14C12.6716 14 12 13.3284 12 12.5C12 11.6716 12.6716 11 13.5 11C14.3284 11 15 11.6716 15 12.5Z\\" fill=\\"#ffffff\\"></path></svg></span><style>
        .loading-container {
          display: inline-flex;
          align-items: center;
          position: relative;
          width: 100%;
          height: 100%;
        }
        .loading {
          position: absolute;
          top: 0;
          left: 0;
          right: 0;
          bottom: 0;
          width: 100%;
          height: 100%;
          display: flex;
          justify-content: center;
          align-items: center;
          background-color: transparent;
          user-select: none;
        }

        label {
          margin-right: 8px;
          color: #dbdde0;
        }

        label :global(*) {
          margin: 0;
        }

        .svg {
          animation: loading-rotate 1.4s infinite;
        }

        @keyframes loading-rotate {
          0% {
            transform: rotate(0);
          }

          100% {
            transform: rotate(360deg);
          }
        }
      </style></div><div class=\\"loading-container\\"><span class=\\"loading\\"><svg class=\\"svg\\" width=\\"20%\\" height=\\"20%\\" viewBox=\\"0 0 16 16\\" fill=\\"none\\"><path fill-rule=\\"evenodd\\" clip-rule=\\"evenodd\\" d=\\"M8 2C4.68629 2 2 4.68629 2 8C2 11.3137 4.68629 14 8 14V16C3.58172 16 0 12.4183 0 8C0 3.58172 3.58172 0 8 0C12.4183 0 16 3.58172 16 8H14C14 4.68629 11.3137 2 8 2Z\\" fill=\\"#dbdde0\\"></path><path d=\\"M15 12.5C15 13.3284 14.3284 14 13.5 14C12.6716 14 12 13.3284 12 12.5C12 11.6716 12.6716 11 13.5 11C14.3284 11 15 11.6716 15 12.5Z\\" fill=\\"#dbdde0\\"></path></svg></span><style>
        .loading-container {
          display: inline-flex;
          align-items: center;
          position: relative;
          width: 100%;
          height: 100%;
        }
        .loading {
          position: absolute;
          top: 0;
          left: 0;
          right: 0;
          bottom: 0;
          width: 100%;
          height: 100%;
          display: flex;
          justify-content: center;
          align-items: center;
          background-color: transparent;
          user-select: none;
        }

        label {
          margin-right: 8px;
          color: #dbdde0;
        }

        label :global(*) {
          margin: 0;
        }

        .svg {
          animation: loading-rotate 1.4s infinite;
        }

        @keyframes loading-rotate {
          0% {
            transform: rotate(0);
          }

          100% {
            transform: rotate(360deg);
          }
        }
      </style></div></div>"
`;

exports[`Loading should work with different sizes 1`] = `
"<div><div class=\\"loading-container\\"><span class=\\"loading\\"><svg class=\\"svg\\" width=\\"10px\\" height=\\"10px\\" viewBox=\\"0 0 16 16\\" fill=\\"none\\"><path fill-rule=\\"evenodd\\" clip-rule=\\"evenodd\\" d=\\"M8 2C4.68629 2 2 4.68629 2 8C2 11.3137 4.68629 14 8 14V16C3.58172 16 0 12.4183 0 8C0 3.58172 3.58172 0 8 0C12.4183 0 16 3.58172 16 8H14C14 4.68629 11.3137 2 8 2Z\\" fill=\\"#dbdde0\\"></path><path d=\\"M15 12.5C15 13.3284 14.3284 14 13.5 14C12.6716 14 12 13.3284 12 12.5C12 11.6716 12.6716 11 13.5 11C14.3284 11 15 11.6716 15 12.5Z\\" fill=\\"#dbdde0\\"></path></svg></span><style>
        .loading-container {
          display: inline-flex;
          align-items: center;
          position: relative;
          width: 100%;
          height: 100%;
        }
        .loading {
          position: absolute;
          top: 0;
          left: 0;
          right: 0;
          bottom: 0;
          width: 100%;
          height: 100%;
          display: flex;
          justify-content: center;
          align-items: center;
          background-color: transparent;
          user-select: none;
        }

        label {
          margin-right: 8px;
          color: #dbdde0;
        }

        label :global(*) {
          margin: 0;
        }

        .svg {
          animation: loading-rotate 1.4s infinite;
        }

        @keyframes loading-rotate {
          0% {
            transform: rotate(0);
          }

          100% {
            transform: rotate(360deg);
          }
        }
      </style></div><div class=\\"loading-container\\"><span class=\\"loading\\"><svg class=\\"svg\\" width=\\"15px\\" height=\\"15px\\" viewBox=\\"0 0 16 16\\" fill=\\"none\\"><path fill-rule=\\"evenodd\\" clip-rule=\\"evenodd\\" d=\\"M8 2C4.68629 2 2 4.68629 2 8C2 11.3137 4.68629 14 8 14V16C3.58172 16 0 12.4183 0 8C0 3.58172 3.58172 0 8 0C12.4183 0 16 3.58172 16 8H14C14 4.68629 11.3137 2 8 2Z\\" fill=\\"#dbdde0\\"></path><path d=\\"M15 12.5C15 13.3284 14.3284 14 13.5 14C12.6716 14 12 13.3284 12 12.5C12 11.6716 12.6716 11 13.5 11C14.3284 11 15 11.6716 15 12.5Z\\" fill=\\"#dbdde0\\"></path></svg></span><style>
        .loading-container {
          display: inline-flex;
          align-items: center;
          position: relative;
          width: 100%;
          height: 100%;
        }
        .loading {
          position: absolute;
          top: 0;
          left: 0;
          right: 0;
          bottom: 0;
          width: 100%;
          height: 100%;
          display: flex;
          justify-content: center;
          align-items: center;
          background-color: transparent;
          user-select: none;
        }

        label {
          margin-right: 8px;
          color: #dbdde0;
        }

        label :global(*) {
          margin: 0;
        }

        .svg {
          animation: loading-rotate 1.4s infinite;
        }

        @keyframes loading-rotate {
          0% {
            transform: rotate(0);
          }

          100% {
            transform: rotate(360deg);
          }
        }
      </style></div><div class=\\"loading-container\\"><span class=\\"loading\\"><svg class=\\"svg\\" width=\\"20px\\" height=\\"20px\\" viewBox=\\"0 0 16 16\\" fill=\\"none\\"><path fill-rule=\\"evenodd\\" clip-rule=\\"evenodd\\" d=\\"M8 2C4.68629 2 2 4.68629 2 8C2 11.3137 4.68629 14 8 14V16C3.58172 16 0 12.4183 0 8C0 3.58172 3.58172 0 8 0C12.4183 0 16 3.58172 16 8H14C14 4.68629 11.3137 2 8 2Z\\" fill=\\"#dbdde0\\"></path><path d=\\"M15 12.5C15 13.3284 14.3284 14 13.5 14C12.6716 14 12 13.3284 12 12.5C12 11.6716 12.6716 11 13.5 11C14.3284 11 15 11.6716 15 12.5Z\\" fill=\\"#dbdde0\\"></path></svg></span><style>
        .loading-container {
          display: inline-flex;
          align-items: center;
          position: relative;
          width: 100%;
          height: 100%;
        }
        .loading {
          position: absolute;
          top: 0;
          left: 0;
          right: 0;
          bottom: 0;
          width: 100%;
          height: 100%;
          display: flex;
          justify-content: center;
          align-items: center;
          background-color: transparent;
          user-select: none;
        }

        label {
          margin-right: 8px;
          color: #dbdde0;
        }

        label :global(*) {
          margin: 0;
        }

        .svg {
          animation: loading-rotate 1.4s infinite;
        }

        @keyframes loading-rotate {
          0% {
            transform: rotate(0);
          }

          100% {
            transform: rotate(360deg);
          }
        }
      </style></div><div class=\\"loading-container\\"><span class=\\"loading\\"><svg class=\\"svg\\" width=\\"25px\\" height=\\"25px\\" viewBox=\\"0 0 16 16\\" fill=\\"none\\"><path fill-rule=\\"evenodd\\" clip-rule=\\"evenodd\\" d=\\"M8 2C4.68629 2 2 4.68629 2 8C2 11.3137 4.68629 14 8 14V16C3.58172 16 0 12.4183 0 8C0 3.58172 3.58172 0 8 0C12.4183 0 16 3.58172 16 8H14C14 4.68629 11.3137 2 8 2Z\\" fill=\\"#dbdde0\\"></path><path d=\\"M15 12.5C15 13.3284 14.3284 14 13.5 14C12.6716 14 12 13.3284 12 12.5C12 11.6716 12.6716 11 13.5 11C14.3284 11 15 11.6716 15 12.5Z\\" fill=\\"#dbdde0\\"></path></svg></span><style>
        .loading-container {
          display: inline-flex;
          align-items: center;
          position: relative;
          width: 100%;
          height: 100%;
        }
        .loading {
          position: absolute;
          top: 0;
          left: 0;
          right: 0;
          bottom: 0;
          width: 100%;
          height: 100%;
          display: flex;
          justify-content: center;
          align-items: center;
          background-color: transparent;
          user-select: none;
        }

        label {
          margin-right: 8px;
          color: #dbdde0;
        }

        label :global(*) {
          margin: 0;
        }

        .svg {
          animation: loading-rotate 1.4s infinite;
        }

        @keyframes loading-rotate {
          0% {
            transform: rotate(0);
          }

          100% {
            transform: rotate(360deg);
          }
        }
      </style></div></div>"
`;

exports[`Loading should work with different types 1`] = `
"<div><div class=\\"loading-container\\"><span class=\\"loading\\"><svg class=\\"svg\\" width=\\"20px\\" height=\\"20px\\" viewBox=\\"0 0 16 16\\" fill=\\"none\\"><path fill-rule=\\"evenodd\\" clip-rule=\\"evenodd\\" d=\\"M8 2C4.68629 2 2 4.68629 2 8C2 11.3137 4.68629 14 8 14V16C3.58172 16 0 12.4183 0 8C0 3.58172 3.58172 0 8 0C12.4183 0 16 3.58172 16 8H14C14 4.68629 11.3137 2 8 2Z\\" fill=\\"#0054fe\\"></path><path d=\\"M15 12.5C15 13.3284 14.3284 14 13.5 14C12.6716 14 12 13.3284 12 12.5C12 11.6716 12.6716 11 13.5 11C14.3284 11 15 11.6716 15 12.5Z\\" fill=\\"#0054fe\\"></path></svg></span><style>
        .loading-container {
          display: inline-flex;
          align-items: center;
          position: relative;
          width: 100%;
          height: 100%;
        }
        .loading {
          position: absolute;
          top: 0;
          left: 0;
          right: 0;
          bottom: 0;
          width: 100%;
          height: 100%;
          display: flex;
          justify-content: center;
          align-items: center;
          background-color: transparent;
          user-select: none;
        }

        label {
          margin-right: 8px;
          color: #dbdde0;
        }

        label :global(*) {
          margin: 0;
        }

        .svg {
          animation: loading-rotate 1.4s infinite;
        }

        @keyframes loading-rotate {
          0% {
            transform: rotate(0);
          }

          100% {
            transform: rotate(360deg);
          }
        }
      </style></div><div class=\\"loading-container\\"><span class=\\"loading\\"><svg class=\\"svg\\" width=\\"20px\\" height=\\"20px\\" viewBox=\\"0 0 16 16\\" fill=\\"none\\"><path fill-rule=\\"evenodd\\" clip-rule=\\"evenodd\\" d=\\"M8 2C4.68629 2 2 4.68629 2 8C2 11.3137 4.68629 14 8 14V16C3.58172 16 0 12.4183 0 8C0 3.58172 3.58172 0 8 0C12.4183 0 16 3.58172 16 8H14C14 4.68629 11.3137 2 8 2Z\\" fill=\\"#7cd77b\\"></path><path d=\\"M15 12.5C15 13.3284 14.3284 14 13.5 14C12.6716 14 12 13.3284 12 12.5C12 11.6716 12.6716 11 13.5 11C14.3284 11 15 11.6716 15 12.5Z\\" fill=\\"#7cd77b\\"></path></svg></span><style>
        .loading-container {
          display: inline-flex;
          align-items: center;
          position: relative;
          width: 100%;
          height: 100%;
        }
        .loading {
          position: absolute;
          top: 0;
          left: 0;
          right: 0;
          bottom: 0;
          width: 100%;
          height: 100%;
          display: flex;
          justify-content: center;
          align-items: center;
          background-color: transparent;
          user-select: none;
        }

        label {
          margin-right: 8px;
          color: #dbdde0;
        }

        label :global(*) {
          margin: 0;
        }

        .svg {
          animation: loading-rotate 1.4s infinite;
        }

        @keyframes loading-rotate {
          0% {
            transform: rotate(0);
          }

          100% {
            transform: rotate(360deg);
          }
        }
      </style></div><div class=\\"loading-container\\"><span class=\\"loading\\"><svg class=\\"svg\\" width=\\"20px\\" height=\\"20px\\" viewBox=\\"0 0 16 16\\" fill=\\"none\\"><path fill-rule=\\"evenodd\\" clip-rule=\\"evenodd\\" d=\\"M8 2C4.68629 2 2 4.68629 2 8C2 11.3137 4.68629 14 8 14V16C3.58172 16 0 12.4183 0 8C0 3.58172 3.58172 0 8 0C12.4183 0 16 3.58172 16 8H14C14 4.68629 11.3137 2 8 2Z\\" fill=\\"#666\\"></path><path d=\\"M15 12.5C15 13.3284 14.3284 14 13.5 14C12.6716 14 12 13.3284 12 12.5C12 11.6716 12.6716 11 13.5 11C14.3284 11 15 11.6716 15 12.5Z\\" fill=\\"#666\\"></path></svg></span><style>
        .loading-container {
          display: inline-flex;
          align-items: center;
          position: relative;
          width: 100%;
          height: 100%;
        }
        .loading {
          position: absolute;
          top: 0;
          left: 0;
          right: 0;
          bottom: 0;
          width: 100%;
          height: 100%;
          display: flex;
          justify-content: center;
          align-items: center;
          background-color: transparent;
          user-select: none;
        }

        label {
          margin-right: 8px;
          color: #dbdde0;
        }

        label :global(*) {
          margin: 0;
        }

        .svg {
          animation: loading-rotate 1.4s infinite;
        }

        @keyframes loading-rotate {
          0% {
            transform: rotate(0);
          }

          100% {
            transform: rotate(360deg);
          }
        }
      </style></div><div class=\\"loading-container\\"><span class=\\"loading\\"><svg class=\\"svg\\" width=\\"20px\\" height=\\"20px\\" viewBox=\\"0 0 16 16\\" fill=\\"none\\"><path fill-rule=\\"evenodd\\" clip-rule=\\"evenodd\\" d=\\"M8 2C4.68629 2 2 4.68629 2 8C2 11.3137 4.68629 14 8 14V16C3.58172 16 0 12.4183 0 8C0 3.58172 3.58172 0 8 0C12.4183 0 16 3.58172 16 8H14C14 4.68629 11.3137 2 8 2Z\\" fill=\\"#ffc438\\"></path><path d=\\"M15 12.5C15 13.3284 14.3284 14 13.5 14C12.6716 14 12 13.3284 12 12.5C12 11.6716 12.6716 11 13.5 11C14.3284 11 15 11.6716 15 12.5Z\\" fill=\\"#ffc438\\"></path></svg></span><style>
        .loading-container {
          display: inline-flex;
          align-items: center;
          position: relative;
          width: 100%;
          height: 100%;
        }
        .loading {
          position: absolute;
          top: 0;
          left: 0;
          right: 0;
          bottom: 0;
          width: 100%;
          height: 100%;
          display: flex;
          justify-content: center;
          align-items: center;
          background-color: transparent;
          user-select: none;
        }

        label {
          margin-right: 8px;
          color: #dbdde0;
        }

        label :global(*) {
          margin: 0;
        }

        .svg {
          animation: loading-rotate 1.4s infinite;
        }

        @keyframes loading-rotate {
          0% {
            transform: rotate(0);
          }

          100% {
            transform: rotate(360deg);
          }
        }
      </style></div><div class=\\"loading-container\\"><span class=\\"loading\\"><svg class=\\"svg\\" width=\\"20px\\" height=\\"20px\\" viewBox=\\"0 0 16 16\\" fill=\\"none\\"><path fill-rule=\\"evenodd\\" clip-rule=\\"evenodd\\" d=\\"M8 2C4.68629 2 2 4.68629 2 8C2 11.3137 4.68629 14 8 14V16C3.58172 16 0 12.4183 0 8C0 3.58172 3.58172 0 8 0C12.4183 0 16 3.58172 16 8H14C14 4.68629 11.3137 2 8 2Z\\" fill=\\"#e15c56\\"></path><path d=\\"M15 12.5C15 13.3284 14.3284 14 13.5 14C12.6716 14 12 13.3284 12 12.5C12 11.6716 12.6716 11 13.5 11C14.3284 11 15 11.6716 15 12.5Z\\" fill=\\"#e15c56\\"></path></svg></span><style>
        .loading-container {
          display: inline-flex;
          align-items: center;
          position: relative;
          width: 100%;
          height: 100%;
        }
        .loading {
          position: absolute;
          top: 0;
          left: 0;
          right: 0;
          bottom: 0;
          width: 100%;
          height: 100%;
          display: flex;
          justify-content: center;
          align-items: center;
          background-color: transparent;
          user-select: none;
        }

        label {
          margin-right: 8px;
          color: #dbdde0;
        }

        label :global(*) {
          margin: 0;
        }

        .svg {
          animation: loading-rotate 1.4s infinite;
        }

        @keyframes loading-rotate {
          0% {
            transform: rotate(0);
          }

          100% {
            transform: rotate(360deg);
          }
        }
      </style></div></div>"
`;
