// Jest Snapshot v1, https://goo.gl/fbAQLP

exports[`AutoComplete should render correctly 1`] = `
<div>
  <AutoComplete
    className=""
    clearable={false}
    disableFreeSolo={false}
    disableMatchWidth={false}
    disabled={false}
    initialValue=""
    options={Array []}
    size="medium"
    solid={false}
  />
  <AutoComplete
    className=""
    clearable={false}
    disableFreeSolo={false}
    disableMatchWidth={false}
    disabled={false}
    initialValue=""
    options={Array []}
    size="medium"
    solid={true}
  />
</div>
`;
