// Jest Snapshot v1, https://goo.gl/fbAQLP

exports[`tooltip-content should return null when there's no parent 1`] = `[Function]`;
