// Jest Snapshot v1, https://goo.gl/fbAQLP

exports[`Table should render correctly 1`] = `"<div><div><div class=\\"table mock variant-line\\"><div class=\\"table-container\\"><div class=\\"table-content\\"><table style=\\"table-layout: auto;\\"><colgroup><col style=\\"width: 100px; min-width: 100px;\\"><col style=\\"width: 100px; min-width: 100px;\\"><col style=\\"width: 200px; min-width: 200px;\\"></colgroup><thead class=\\"table-thead\\"><tr><th class=\\"table-cell\\">title1</th><th class=\\"table-cell\\" style=\\"text-align: right;\\">title2</th><th class=\\"table-cell\\">title3</th><th class=\\"table-cell\\">Operations</th></tr></thead><tbody class=\\"table-tbody\\"><tr data-row-key=\\"1\\" class=\\"table-row table-row-even table-row-level-0\\"><td class=\\"table-cell\\">123</td><td class=\\"table-cell\\" style=\\"text-align: right;\\"></td><td class=\\"table-cell\\"></td><td class=\\"table-cell\\"><a href=\\"#\\">Operations</a></td></tr><tr data-row-key=\\"2\\" class=\\"table-row table-row-level-0\\"><td class=\\"table-cell\\">cdd</td><td class=\\"table-cell\\" style=\\"text-align: right;\\">edd</td><td class=\\"table-cell\\"></td><td class=\\"table-cell\\"><a href=\\"#\\">Operations</a></td></tr><tr data-row-key=\\"3\\" class=\\"table-row table-row-even table-row-level-0\\"><td class=\\"table-cell\\">1333</td><td class=\\"table-cell\\" style=\\"text-align: right;\\"></td><td class=\\"table-cell\\">eee</td><td class=\\"table-cell\\"><a href=\\"#\\">Operations</a></td></tr></tbody></table></div></div></div></div><div><div class=\\"table mock variant-solid\\"><div class=\\"table-container\\"><div class=\\"table-content\\"><table style=\\"table-layout: auto;\\"><colgroup><col style=\\"width: 100px; min-width: 100px;\\"><col style=\\"width: 100px; min-width: 100px;\\"><col style=\\"width: 200px; min-width: 200px;\\"></colgroup><thead class=\\"table-thead\\"><tr><th class=\\"table-cell\\">title1</th><th class=\\"table-cell\\" style=\\"text-align: right;\\">title2</th><th class=\\"table-cell\\">title3</th><th class=\\"table-cell\\">Operations</th></tr></thead><tbody class=\\"table-tbody\\"><tr data-row-key=\\"1\\" class=\\"table-row table-row-even table-row-level-0\\"><td class=\\"table-cell\\">123</td><td class=\\"table-cell\\" style=\\"text-align: right;\\"></td><td class=\\"table-cell\\"></td><td class=\\"table-cell\\"><a href=\\"#\\">Operations</a></td></tr><tr data-row-key=\\"2\\" class=\\"table-row table-row-level-0\\"><td class=\\"table-cell\\">cdd</td><td class=\\"table-cell\\" style=\\"text-align: right;\\">edd</td><td class=\\"table-cell\\"></td><td class=\\"table-cell\\"><a href=\\"#\\">Operations</a></td></tr><tr data-row-key=\\"3\\" class=\\"table-row table-row-even table-row-level-0\\"><td class=\\"table-cell\\">1333</td><td class=\\"table-cell\\" style=\\"text-align: right;\\"></td><td class=\\"table-cell\\">eee</td><td class=\\"table-cell\\"><a href=\\"#\\">Operations</a></td></tr></tbody></table></div></div></div></div></div>"`;
