// Jest Snapshot v1, https://goo.gl/fbAQLP

exports[`Modal customization should be supported 1`] = `
"<div class=\\"wrapper test-class  wrapper-enter\\"><h2 class=\\"\\">Modal</h2><style>
        h2 {
          font-size: 1.2857rem;
          line-height: 1.7857rem;
          font-weight: 500;
          text-align: center;
          margin: 0;
          margin-bottom: 0.5714rem;
          display: inline-flex;
          flex-shrink: 0;
          justify-content: center;
          align-items: center;
          word-break: break-word;
          text-transform: capitalize;
          color: #282d30;
        }
      </style><style>
          .wrapper {
            max-width: 85vw;
            max-height: 75vh;
            width: 100px;
            overflow: hidden;
            display: flex;
            flex-direction: column;
            position: relative;
            box-sizing: border-box;
            background-color: #fff;
            color: #000;
            border-radius: 4px;
            padding: 1.1429rem;
            box-shadow: 0 30px 60px rgba(0, 0, 0, 0.12);
            opacity: 0;
            transform: translate3d(0px, -40px, 0px);
            transition: opacity 0.35s cubic-bezier(0.4, 0, 0.2, 1) 0s,
              transform 0.35s cubic-bezier(0.4, 0, 0.2, 1) 0s;
          }

          .wrapper-enter {
            opacity: 0;
            transform: translate3d(0px, -40px, 0px);
          }

          .wrapper-enter-active {
            opacity: 1;
            transform: translate3d(0px, 0px, 0px);
          }

          .wrapper-leave {
            opacity: 1;
            transform: translate3d(0px, 0px, 0px);
          }

          .wrapper-leave-active {
            opacity: 0;
            transform: translate3d(0px, -50px, 0px);
          }
        </style></div>"
`;

exports[`Modal should render correctly 1`] = `
"<div class=\\"backdrop  transition-enter\\"><div class=\\"layer\\"></div><div class=\\"content\\"><div class=\\"wrapper   wrapper-enter\\"><h2 class=\\"\\">Modal</h2><style>
        h2 {
          font-size: 1.2857rem;
          line-height: 1.7857rem;
          font-weight: 500;
          text-align: center;
          margin: 0;
          margin-bottom: 0.5714rem;
          display: inline-flex;
          flex-shrink: 0;
          justify-content: center;
          align-items: center;
          word-break: break-word;
          text-transform: capitalize;
          color: #282d30;
        }
      </style><p class=\\"\\">This is a modal</p><style>
        p {
          font-size: 1rem;
          line-height: 1.4286rem;
          font-weight: normal;
          text-align: center;
          margin: 0;
          margin-bottom: calc(0.5714rem * 1.5);
          display: inline-flex;
          justify-content: center;
          align-items: center;
          word-break: break-word;
          text-transform: uppercase;
          color: #9b9eac;
        }
      </style><div class=\\"content \\"><p>Some content contained within the modal.</p></div><style>
        .content {
          margin: 0 -1.1429rem;
          padding: 0 calc(1.1429rem * 1.5) 0.5714rem;
          overflow-y: auto;
        }

        .content > :global(*:first-child) {
          margin-top: 0;
        }

        .content > :global(*:last-child) {
          margin-bottom: 0;
        }
      </style><footer><button type=\\"button\\" class=\\"btn  \\"><div class=\\"text \\">Cancel</div><style>
        .tag,
        .btn {
          box-sizing: border-box;
          display: inline-block;
          padding: 0 1.375rem;
          height: 2.8571rem;
          line-height: 2.8571rem;
          min-width: 10rem;
          width: auto;
          border-radius: 2px;
          font-weight: 500;
          font-size: 1rem;
          user-select: none;
          outline: none;
          text-transform: capitalize;
          justify-content: center;
          text-align: center;
          white-space: nowrap;
          transition: background-color 200ms ease 0ms, box-shadow 200ms ease 0ms,
            border 200ms ease 0ms, color 200ms ease 0ms;
          position: relative;
          overflow: hidden;
          color: #0054fe;
          background-color: #fff;
          border: 2px
            solid
            #0054fe;
          cursor: pointer;
          pointer-events: auto;
          box-shadow: none;
          --cfx-ui-button-padding: 1.375rem;
          --cfx-ui-button-height: 2.8571rem;
          --cfx-ui-button-color: #0054fe;
          --cfx-ui-button-bg: #fff;
        }

        .tag:hover,
        .btn:hover {
          color: #0433dc;
          --cfx-ui-button-color: #0433dc;
          background-color: #fff;
          border-color: #0433dc;
          cursor: pointer;
          pointer-events: auto;
          box-shadow: none;
          transform: translate3d(0px, 0px, 0px);
        }

        .tag.active,
        .tag:active,
        .btn:active {
          color: #0626ae;
          --cfx-ui-button-color: #0626ae;
          background-color: #fff;
          border-color: #0626ae;
          cursor: pointer;
          pointer-events: auto;
          box-shadow: none;
          transform: translate3d(0px, 0px, 0px);
        }

        .tag :global(.text),
        .btn :global(.text) {
          position: relative;
          z-index: 1;
          display: inline-flex;
          justify-content: center;
          align-items: center;
          text-align: center;
          line-height: inherit;
          top: -2px;
        }

        .tag :global(.text p),
        .tag :global(.text pre),
        .tag :global(.text div),
        .btn :global(.text p),
        .btn :global(.text pre),
        .btn :global(.text div) {
          margin: 0;
        }
        .tag :global(.hidden),
        .btn :global(.hidden) {
          visibility: hidden;
        }
      </style></button><button type=\\"button\\" class=\\"btn  \\"><div class=\\"text \\">Submit</div><style>
        .tag,
        .btn {
          box-sizing: border-box;
          display: inline-block;
          padding: 0 1.375rem;
          height: 2.8571rem;
          line-height: 2.8571rem;
          min-width: 10rem;
          width: auto;
          border-radius: 2px;
          font-weight: 500;
          font-size: 1rem;
          user-select: none;
          outline: none;
          text-transform: capitalize;
          justify-content: center;
          text-align: center;
          white-space: nowrap;
          transition: background-color 200ms ease 0ms, box-shadow 200ms ease 0ms,
            border 200ms ease 0ms, color 200ms ease 0ms;
          position: relative;
          overflow: hidden;
          color: #0054fe;
          background-color: #fff;
          border: 2px
            solid
            #0054fe;
          cursor: pointer;
          pointer-events: auto;
          box-shadow: none;
          --cfx-ui-button-padding: 1.375rem;
          --cfx-ui-button-height: 2.8571rem;
          --cfx-ui-button-color: #0054fe;
          --cfx-ui-button-bg: #fff;
        }

        .tag:hover,
        .btn:hover {
          color: #0433dc;
          --cfx-ui-button-color: #0433dc;
          background-color: #fff;
          border-color: #0433dc;
          cursor: pointer;
          pointer-events: auto;
          box-shadow: none;
          transform: translate3d(0px, 0px, 0px);
        }

        .tag.active,
        .tag:active,
        .btn:active {
          color: #0626ae;
          --cfx-ui-button-color: #0626ae;
          background-color: #fff;
          border-color: #0626ae;
          cursor: pointer;
          pointer-events: auto;
          box-shadow: none;
          transform: translate3d(0px, 0px, 0px);
        }

        .tag :global(.text),
        .btn :global(.text) {
          position: relative;
          z-index: 1;
          display: inline-flex;
          justify-content: center;
          align-items: center;
          text-align: center;
          line-height: inherit;
          top: -2px;
        }

        .tag :global(.text p),
        .tag :global(.text pre),
        .tag :global(.text div),
        .btn :global(.text p),
        .btn :global(.text pre),
        .btn :global(.text div) {
          margin: 0;
        }
        .tag :global(.hidden),
        .btn :global(.hidden) {
          visibility: hidden;
        }
      </style></button></footer><style>
        footer {
          display: flex;
          overflow: hidden;
          justify-content: space-around;
          width: 100%;
          padding: calc(0.5714rem * 1.5) 0 calc(1.1429rem * 0.5);
        }
      </style><style>
          .wrapper {
            max-width: 85vw;
            max-height: 75vh;
            width: 30rem;
            overflow: hidden;
            display: flex;
            flex-direction: column;
            position: relative;
            box-sizing: border-box;
            background-color: #fff;
            color: #000;
            border-radius: 4px;
            padding: 1.1429rem;
            box-shadow: 0 30px 60px rgba(0, 0, 0, 0.12);
            opacity: 0;
            transform: translate3d(0px, -40px, 0px);
            transition: opacity 0.35s cubic-bezier(0.4, 0, 0.2, 1) 0s,
              transform 0.35s cubic-bezier(0.4, 0, 0.2, 1) 0s;
          }

          .wrapper-enter {
            opacity: 0;
            transform: translate3d(0px, -40px, 0px);
          }

          .wrapper-enter-active {
            opacity: 1;
            transform: translate3d(0px, 0px, 0px);
          }

          .wrapper-leave {
            opacity: 1;
            transform: translate3d(0px, 0px, 0px);
          }

          .wrapper-leave-active {
            opacity: 0;
            transform: translate3d(0px, -50px, 0px);
          }
        </style></div></div><div class=\\"offset\\"></div><style>
            .backdrop {
              position: fixed;
              top: 0;
              left: 0;
              display: flex;
              align-content: center;
              align-items: center;
              flex-direction: column;
              justify-content: space-around;
              height: 100vh;
              width: 100vw;
              overflow: auto;
              z-index: 1000;
            }

            .content {
              display: flex;
              align-items: center;
              justify-content: center;
              position: relative;
              z-index: 1001;
              outline: none;
            }

            .offset {
              height: 0;
              opacity: 0;
              display: flex;
              background-color: transparent;
            }

            .layer {
              position: fixed;
              top: 0;
              left: 0;
              right: 0;
              bottom: 0;
              width: 100%;
              height: 100%;
              opacity: 0.25;
              background-color: black;
              transition: opacity 0.35s cubic-bezier(0.4, 0, 0.2, 1);
              pointer-events: none;
              z-index: 1000;
            }
          </style></div>"
`;
